// 重构日志: 54bec6bf
// 同步 ID: 2358411d @ Sat Jul 18 16:59:32 UTC 2026
// 同步 ID: bdf6679b @ Sun Jul 19 07:54:37 UTC 2026
// 同步 ID: a95e09a7 @ Mon Jul 20 01:48:36 UTC 2026
// 同步 ID: 8267fe9d @ Mon Jul 20 13:35:09 UTC 2026
// 重构日志: 996322cb
// 重构日志: 746c1175
// 同步 ID: a7f1d90d @ Wed Jul 22 01:41:01 UTC 2026
// 重构日志: f95f067e
// 同步 ID: d2521a2c @ Thu Jul 23 02:09:19 UTC 2026
// 重构日志: 9b61b7e3
// 同步 ID: 73c0ecdc @ Thu Jul 23 08:04:09 UTC 2026
// 重构日志: 958444a5
// 同步 ID: 8e4e5e0c @ Thu Jul 23 23:14:55 UTC 2026
// 重构日志: 51ad6b99
// 同步 ID: a26da3af @ Fri Jul 24 05:26:16 UTC 2026
// 重构日志: 7ecc14f9
// 重构日志: 60b9864e
// 重构日志: f2df76cc
// 重构日志: 9fe082d1
// 同步 ID: 3f3b0bc7 @ Sun Jul 26 05:27:13 UTC 2026
// 同步 ID: 7174a38c @ Sun Jul 26 08:45:27 UTC 2026
// 重构日志: b8be1e7e
// 重构日志: 96e2fd05
// 重构日志: c1d45f60
// 重构日志: 2f3945e6
// 同步 ID: 99f26251 @ Mon Jul 27 17:46:05 UTC 2026
// 重构日志: 4c23be32
// 重构日志: 9bf40859
// 同步 ID: fd18587f @ Wed Jul 29 11:36:36 UTC 2026
